Process SpawnProcess-1:
Traceback (most recent call last):
  File "C:\Users\81026\AppData\Local\Programs\Python\Python310\lib\multiprocessing\process.py", line 314, in _bootstrap
    self.run()
  File "C:\Users\81026\AppData\Local\Programs\Python\Python310\lib\multiprocessing\process.py", line 108, in run
    self._target(*self._args, **self._kwargs)
  File "C:\Users\81026\AppData\Local\Programs\Python\Python310\lib\site-packages\uvicorn\_subprocess.py", line 80, in subprocess_started
    target(sockets=sockets)
  File "C:\Users\81026\AppData\Local\Programs\Python\Python310\lib\site-packages\uvicorn\server.py", line 67, in run
    return asyncio_run(self.serve(sockets=sockets), loop_factory=self.config.get_loop_factory())
  File "C:\Users\81026\AppData\Local\Programs\Python\Python310\lib\site-packages\uvicorn\_compat.py", line 60, in asyncio_run
    return loop.run_until_complete(main)
  File "C:\Users\81026\AppData\Local\Programs\Python\Python310\lib\asyncio\base_events.py", line 649, in run_until_complete
    return future.result()
  File "C:\Users\81026\AppData\Local\Programs\Python\Python310\lib\site-packages\uvicorn\server.py", line 71, in serve
    await self._serve(sockets)
  File "C:\Users\81026\AppData\Local\Programs\Python\Python310\lib\site-packages\uvicorn\server.py", line 78, in _serve
    config.load()
  File "C:\Users\81026\AppData\Local\Programs\Python\Python310\lib\site-packages\uvicorn\config.py", line 439, in load
    self.loaded_app = import_from_string(self.app)
  File "C:\Users\81026\AppData\Local\Programs\Python\Python310\lib\site-packages\uvicorn\importer.py", line 19, in import_from_string
    module = importlib.import_module(module_str)
  File "C:\Users\81026\AppData\Local\Programs\Python\Python310\lib\importlib\__init__.py", line 126, in import_module
    return _bootstrap._gcd_import(name[level:], package, level)
  File "<frozen importlib._bootstrap>", line 1050, in _gcd_import
  File "<frozen importlib._bootstrap>", line 1027, in _find_and_load
  File "<frozen importlib._bootstrap>", line 1006, in _find_and_load_unlocked
  File "<frozen importlib._bootstrap>", line 688, in _load_unlocked
  File "<frozen importlib._bootstrap_external>", line 883, in exec_module
  File "<frozen importlib._bootstrap>", line 241, in _call_with_frames_removed
  File "D:\code\BugSeek\backend\app\main.py", line 5, in <module>
    from app.api.v1 import api_router
  File "D:\code\BugSeek\backend\app\api\v1\__init__.py", line 2, in <module>
    from app.api.v1 import auth, api_integration, projects, versions, environments, variables, endpoints, context
  File "D:\code\BugSeek\backend\app\api\v1\context.py", line 11, in <module>
    from app.core.logging_config import logger
ImportError: cannot import name 'logger' from 'app.core.logging_config' (D:\code\BugSeek\backend\app\core\logging_config.py)