2026-01-27 18:28:52 | ERROR | [891cebd214344d04acd33f97779aa169] | app.dependencies | 数据库会话异常: 'Session' object has no attribute 'func'
Traceback (most recent call last):
  File "D:\code\BugSeek\backend\app\dependencies.py", line 19, in get_db
    yield db
  File "C:\Users\81026\AppData\Local\Programs\Python\Python310\lib\site-packages\fastapi\concurrency.py", line 29, in contextmanager_in_threadpool
    yield await run_in_threadpool(cm.__enter__)
  File "C:\Users\81026\AppData\Local\Programs\Python\Python310\lib\site-packages\fastapi\routing.py", line 101, in app
    response = await f(request)
  File "C:\Users\81026\AppData\Local\Programs\Python\Python310\lib\site-packages\fastapi\routing.py", line 355, in app
    raw_response = await run_endpoint_function(
  File "C:\Users\81026\AppData\Local\Programs\Python\Python310\lib\site-packages\fastapi\routing.py", line 243, in run_endpoint_function
    return await dependant.call(**values)
  File "D:\code\BugSeek\backend\app\api\v1\endpoints.py", line 234, in get_endpoints
    db.func.count(ApiTestScript.id).label('count')
AttributeError: 'Session' object has no attribute 'func'
2026-01-27 18:28:52 | ERROR | [891cebd214344d04acd33f97779aa169] | app.main | 未捕获的异常: 'Session' object has no attribute 'func' | 路径: /api/v1/api-integration/endpoints | 方法: GET
Traceback (most recent call last):
  File "C:\Users\81026\AppData\Local\Programs\Python\Python310\lib\site-packages\starlette\middleware\errors.py", line 164, in __call__
    await self.app(scope, receive, _send)
  File "C:\Users\81026\AppData\Local\Programs\Python\Python310\lib\site-packages\starlette\middleware\base.py", line 191, in __call__
    with recv_stream, send_stream, collapse_excgroups():
  File "C:\Users\81026\AppData\Local\Programs\Python\Python310\lib\contextlib.py", line 153, in __exit__
    self.gen.throw(typ, value, traceback)
  File "C:\Users\81026\AppData\Local\Programs\Python\Python310\lib\site-packages\starlette\_utils.py", line 85, in collapse_excgroups
    raise exc
  File "C:\Users\81026\AppData\Local\Programs\Python\Python310\lib\site-packages\starlette\middleware\base.py", line 193, in __call__
    response = await self.dispatch_func(request, call_next)
  File "D:\code\BugSeek\backend\app\main.py", line 45, in trace_id_middleware
    response = await call_next(request)
  File "C:\Users\81026\AppData\Local\Programs\Python\Python310\lib\site-packages\starlette\middleware\base.py", line 168, in call_next
    raise app_exc from app_exc.__cause__ or app_exc.__context__
  File "C:\Users\81026\AppData\Local\Programs\Python\Python310\lib\site-packages\starlette\middleware\base.py", line 144, in coro
    await self.app(scope, receive_or_disconnect, send_no_error)
  File "C:\Users\81026\AppData\Local\Programs\Python\Python310\lib\site-packages\starlette\middleware\cors.py", line 85, in __call__
    await self.app(scope, receive, send)
  File "C:\Users\81026\AppData\Local\Programs\Python\Python310\lib\site-packages\starlette\middleware\exceptions.py", line 63, in __call__
    await wrap_app_handling_exceptions(self.app, conn)(scope, receive, send)
  File "C:\Users\81026\AppData\Local\Programs\Python\Python310\lib\site-packages\starlette\_exception_handler.py", line 53, in wrapped_app
    raise exc
  File "C:\Users\81026\AppData\Local\Programs\Python\Python310\lib\site-packages\starlette\_exception_handler.py", line 42, in wrapped_app
    await app(scope, receive, sender)
  File "C:\Users\81026\AppData\Local\Programs\Python\Python310\lib\site-packages\fastapi\middleware\asyncexitstack.py", line 18, in __call__
    await self.app(scope, receive, send)
  File "C:\Users\81026\AppData\Local\Programs\Python\Python310\lib\site-packages\starlette\routing.py", line 716, in __call__
    await self.middleware_stack(scope, receive, send)
  File "C:\Users\81026\AppData\Local\Programs\Python\Python310\lib\site-packages\starlette\routing.py", line 736, in app
    await route.handle(scope, receive, send)
  File "C:\Users\81026\AppData\Local\Programs\Python\Python310\lib\site-packages\starlette\routing.py", line 290, in handle
    await self.app(scope, receive, send)
  File "C:\Users\81026\AppData\Local\Programs\Python\Python310\lib\site-packages\fastapi\routing.py", line 115, in app
    await wrap_app_handling_exceptions(app, request)(scope, receive, send)
  File "C:\Users\81026\AppData\Local\Programs\Python\Python310\lib\site-packages\starlette\_exception_handler.py", line 53, in wrapped_app
    raise exc
  File "C:\Users\81026\AppData\Local\Programs\Python\Python310\lib\site-packages\starlette\_exception_handler.py", line 42, in wrapped_app
    await app(scope, receive, sender)
  File "C:\Users\81026\AppData\Local\Programs\Python\Python310\lib\site-packages\fastapi\routing.py", line 101, in app
    response = await f(request)
  File "C:\Users\81026\AppData\Local\Programs\Python\Python310\lib\site-packages\fastapi\routing.py", line 355, in app
    raw_response = await run_endpoint_function(
  File "C:\Users\81026\AppData\Local\Programs\Python\Python310\lib\site-packages\fastapi\routing.py", line 243, in run_endpoint_function
    return await dependant.call(**values)
  File "D:\code\BugSeek\backend\app\api\v1\endpoints.py", line 234, in get_endpoints
    db.func.count(ApiTestScript.id).label('count')
AttributeError: 'Session' object has no attribute 'func'
2026-01-27 18:28:52 | ERROR | [f8341f3d17534b2b9448f725a0c1c50d] | app.dependencies | 数据库会话异常: 'Session' object has no attribute 'func'
Traceback (most recent call last):
  File "D:\code\BugSeek\backend\app\dependencies.py", line 19, in get_db
    yield db
  File "C:\Users\81026\AppData\Local\Programs\Python\Python310\lib\site-packages\fastapi\concurrency.py", line 29, in contextmanager_in_threadpool
    yield await run_in_threadpool(cm.__enter__)
  File "C:\Users\81026\AppData\Local\Programs\Python\Python310\lib\site-packages\fastapi\routing.py", line 101, in app
    response = await f(request)
  File "C:\Users\81026\AppData\Local\Programs\Python\Python310\lib\site-packages\fastapi\routing.py", line 355, in app
    raw_response = await run_endpoint_function(
  File "C:\Users\81026\AppData\Local\Programs\Python\Python310\lib\site-packages\fastapi\routing.py", line 243, in run_endpoint_function
    return await dependant.call(**values)
  File "D:\code\BugSeek\backend\app\api\v1\endpoints.py", line 234, in get_endpoints
    db.func.count(ApiTestScript.id).label('count')
AttributeError: 'Session' object has no attribute 'func'
2026-01-27 18:28:52 | ERROR | [f8341f3d17534b2b9448f725a0c1c50d] | app.main | 未捕获的异常: 'Session' object has no attribute 'func' | 路径: /api/v1/api-integration/endpoints | 方法: GET
Traceback (most recent call last):
  File "C:\Users\81026\AppData\Local\Programs\Python\Python310\lib\site-packages\starlette\middleware\errors.py", line 164, in __call__
    await self.app(scope, receive, _send)
  File "C:\Users\81026\AppData\Local\Programs\Python\Python310\lib\site-packages\starlette\middleware\base.py", line 191, in __call__
    with recv_stream, send_stream, collapse_excgroups():
  File "C:\Users\81026\AppData\Local\Programs\Python\Python310\lib\contextlib.py", line 153, in __exit__
    self.gen.throw(typ, value, traceback)
  File "C:\Users\81026\AppData\Local\Programs\Python\Python310\lib\site-packages\starlette\_utils.py", line 85, in collapse_excgroups
    raise exc
  File "C:\Users\81026\AppData\Local\Programs\Python\Python310\lib\site-packages\starlette\middleware\base.py", line 193, in __call__
    response = await self.dispatch_func(request, call_next)
  File "D:\code\BugSeek\backend\app\main.py", line 45, in trace_id_middleware
    response = await call_next(request)
  File "C:\Users\81026\AppData\Local\Programs\Python\Python310\lib\site-packages\starlette\middleware\base.py", line 168, in call_next
    raise app_exc from app_exc.__cause__ or app_exc.__context__
  File "C:\Users\81026\AppData\Local\Programs\Python\Python310\lib\site-packages\starlette\middleware\base.py", line 144, in coro
    await self.app(scope, receive_or_disconnect, send_no_error)
  File "C:\Users\81026\AppData\Local\Programs\Python\Python310\lib\site-packages\starlette\middleware\cors.py", line 85, in __call__
    await self.app(scope, receive, send)
  File "C:\Users\81026\AppData\Local\Programs\Python\Python310\lib\site-packages\starlette\middleware\exceptions.py", line 63, in __call__
    await wrap_app_handling_exceptions(self.app, conn)(scope, receive, send)
  File "C:\Users\81026\AppData\Local\Programs\Python\Python310\lib\site-packages\starlette\_exception_handler.py", line 53, in wrapped_app
    raise exc
  File "C:\Users\81026\AppData\Local\Programs\Python\Python310\lib\site-packages\starlette\_exception_handler.py", line 42, in wrapped_app
    await app(scope, receive, sender)
  File "C:\Users\81026\AppData\Local\Programs\Python\Python310\lib\site-packages\fastapi\middleware\asyncexitstack.py", line 18, in __call__
    await self.app(scope, receive, send)
  File "C:\Users\81026\AppData\Local\Programs\Python\Python310\lib\site-packages\starlette\routing.py", line 716, in __call__
    await self.middleware_stack(scope, receive, send)
  File "C:\Users\81026\AppData\Local\Programs\Python\Python310\lib\site-packages\starlette\routing.py", line 736, in app
    await route.handle(scope, receive, send)
  File "C:\Users\81026\AppData\Local\Programs\Python\Python310\lib\site-packages\starlette\routing.py", line 290, in handle
    await self.app(scope, receive, send)
  File "C:\Users\81026\AppData\Local\Programs\Python\Python310\lib\site-packages\fastapi\routing.py", line 115, in app
    await wrap_app_handling_exceptions(app, request)(scope, receive, send)
  File "C:\Users\81026\AppData\Local\Programs\Python\Python310\lib\site-packages\starlette\_exception_handler.py", line 53, in wrapped_app
    raise exc
  File "C:\Users\81026\AppData\Local\Programs\Python\Python310\lib\site-packages\starlette\_exception_handler.py", line 42, in wrapped_app
    await app(scope, receive, sender)
  File "C:\Users\81026\AppData\Local\Programs\Python\Python310\lib\site-packages\fastapi\routing.py", line 101, in app
    response = await f(request)
  File "C:\Users\81026\AppData\Local\Programs\Python\Python310\lib\site-packages\fastapi\routing.py", line 355, in app
    raw_response = await run_endpoint_function(
  File "C:\Users\81026\AppData\Local\Programs\Python\Python310\lib\site-packages\fastapi\routing.py", line 243, in run_endpoint_function
    return await dependant.call(**values)
  File "D:\code\BugSeek\backend\app\api\v1\endpoints.py", line 234, in get_endpoints
    db.func.count(ApiTestScript.id).label('count')
AttributeError: 'Session' object has no attribute 'func'
2026-01-27 18:29:04 | ERROR | [871fdc9d51ff472c98af94e2a094cdeb] | app.dependencies | 数据库会话异常: 'Session' object has no attribute 'func'
Traceback (most recent call last):
  File "D:\code\BugSeek\backend\app\dependencies.py", line 19, in get_db
    yield db
  File "C:\Users\81026\AppData\Local\Programs\Python\Python310\lib\site-packages\fastapi\concurrency.py", line 29, in contextmanager_in_threadpool
    yield await run_in_threadpool(cm.__enter__)
  File "C:\Users\81026\AppData\Local\Programs\Python\Python310\lib\site-packages\fastapi\routing.py", line 101, in app
    response = await f(request)
  File "C:\Users\81026\AppData\Local\Programs\Python\Python310\lib\site-packages\fastapi\routing.py", line 355, in app
    raw_response = await run_endpoint_function(
  File "C:\Users\81026\AppData\Local\Programs\Python\Python310\lib\site-packages\fastapi\routing.py", line 243, in run_endpoint_function
    return await dependant.call(**values)
  File "D:\code\BugSeek\backend\app\api\v1\endpoints.py", line 234, in get_endpoints
    db.func.count(ApiTestScript.id).label('count')
AttributeError: 'Session' object has no attribute 'func'
2026-01-27 18:29:04 | ERROR | [4d897c3e38a840d18f7f1c57a5ee8bad] | app.dependencies | 数据库会话异常: 'Session' object has no attribute 'func'
Traceback (most recent call last):
  File "D:\code\BugSeek\backend\app\dependencies.py", line 19, in get_db
    yield db
  File "C:\Users\81026\AppData\Local\Programs\Python\Python310\lib\site-packages\fastapi\concurrency.py", line 29, in contextmanager_in_threadpool
    yield await run_in_threadpool(cm.__enter__)
  File "C:\Users\81026\AppData\Local\Programs\Python\Python310\lib\site-packages\fastapi\routing.py", line 101, in app
    response = await f(request)
  File "C:\Users\81026\AppData\Local\Programs\Python\Python310\lib\site-packages\fastapi\routing.py", line 355, in app
    raw_response = await run_endpoint_function(
  File "C:\Users\81026\AppData\Local\Programs\Python\Python310\lib\site-packages\fastapi\routing.py", line 243, in run_endpoint_function
    return await dependant.call(**values)
  File "D:\code\BugSeek\backend\app\api\v1\endpoints.py", line 234, in get_endpoints
    db.func.count(ApiTestScript.id).label('count')
AttributeError: 'Session' object has no attribute 'func'
2026-01-27 18:29:04 | ERROR | [871fdc9d51ff472c98af94e2a094cdeb] | app.main | 未捕获的异常: 'Session' object has no attribute 'func' | 路径: /api/v1/api-integration/endpoints | 方法: GET
Traceback (most recent call last):
  File "C:\Users\81026\AppData\Local\Programs\Python\Python310\lib\site-packages\starlette\middleware\errors.py", line 164, in __call__
    await self.app(scope, receive, _send)
  File "C:\Users\81026\AppData\Local\Programs\Python\Python310\lib\site-packages\starlette\middleware\base.py", line 191, in __call__
    with recv_stream, send_stream, collapse_excgroups():
  File "C:\Users\81026\AppData\Local\Programs\Python\Python310\lib\contextlib.py", line 153, in __exit__
    self.gen.throw(typ, value, traceback)
  File "C:\Users\81026\AppData\Local\Programs\Python\Python310\lib\site-packages\starlette\_utils.py", line 85, in collapse_excgroups
    raise exc
  File "C:\Users\81026\AppData\Local\Programs\Python\Python310\lib\site-packages\starlette\middleware\base.py", line 193, in __call__
    response = await self.dispatch_func(request, call_next)
  File "D:\code\BugSeek\backend\app\main.py", line 45, in trace_id_middleware
    response = await call_next(request)
  File "C:\Users\81026\AppData\Local\Programs\Python\Python310\lib\site-packages\starlette\middleware\base.py", line 168, in call_next
    raise app_exc from app_exc.__cause__ or app_exc.__context__
  File "C:\Users\81026\AppData\Local\Programs\Python\Python310\lib\site-packages\starlette\middleware\base.py", line 144, in coro
    await self.app(scope, receive_or_disconnect, send_no_error)
  File "C:\Users\81026\AppData\Local\Programs\Python\Python310\lib\site-packages\starlette\middleware\cors.py", line 85, in __call__
    await self.app(scope, receive, send)
  File "C:\Users\81026\AppData\Local\Programs\Python\Python310\lib\site-packages\starlette\middleware\exceptions.py", line 63, in __call__
    await wrap_app_handling_exceptions(self.app, conn)(scope, receive, send)
  File "C:\Users\81026\AppData\Local\Programs\Python\Python310\lib\site-packages\starlette\_exception_handler.py", line 53, in wrapped_app
    raise exc
  File "C:\Users\81026\AppData\Local\Programs\Python\Python310\lib\site-packages\starlette\_exception_handler.py", line 42, in wrapped_app
    await app(scope, receive, sender)
  File "C:\Users\81026\AppData\Local\Programs\Python\Python310\lib\site-packages\fastapi\middleware\asyncexitstack.py", line 18, in __call__
    await self.app(scope, receive, send)
  File "C:\Users\81026\AppData\Local\Programs\Python\Python310\lib\site-packages\starlette\routing.py", line 716, in __call__
    await self.middleware_stack(scope, receive, send)
  File "C:\Users\81026\AppData\Local\Programs\Python\Python310\lib\site-packages\starlette\routing.py", line 736, in app
    await route.handle(scope, receive, send)
  File "C:\Users\81026\AppData\Local\Programs\Python\Python310\lib\site-packages\starlette\routing.py", line 290, in handle
    await self.app(scope, receive, send)
  File "C:\Users\81026\AppData\Local\Programs\Python\Python310\lib\site-packages\fastapi\routing.py", line 115, in app
    await wrap_app_handling_exceptions(app, request)(scope, receive, send)
  File "C:\Users\81026\AppData\Local\Programs\Python\Python310\lib\site-packages\starlette\_exception_handler.py", line 53, in wrapped_app
    raise exc
  File "C:\Users\81026\AppData\Local\Programs\Python\Python310\lib\site-packages\starlette\_exception_handler.py", line 42, in wrapped_app
    await app(scope, receive, sender)
  File "C:\Users\81026\AppData\Local\Programs\Python\Python310\lib\site-packages\fastapi\routing.py", line 101, in app
    response = await f(request)
  File "C:\Users\81026\AppData\Local\Programs\Python\Python310\lib\site-packages\fastapi\routing.py", line 355, in app
    raw_response = await run_endpoint_function(
  File "C:\Users\81026\AppData\Local\Programs\Python\Python310\lib\site-packages\fastapi\routing.py", line 243, in run_endpoint_function
    return await dependant.call(**values)
  File "D:\code\BugSeek\backend\app\api\v1\endpoints.py", line 234, in get_endpoints
    db.func.count(ApiTestScript.id).label('count')
AttributeError: 'Session' object has no attribute 'func'
2026-01-27 18:29:04 | ERROR | [4d897c3e38a840d18f7f1c57a5ee8bad] | app.main | 未捕获的异常: 'Session' object has no attribute 'func' | 路径: /api/v1/api-integration/endpoints | 方法: GET
Traceback (most recent call last):
  File "C:\Users\81026\AppData\Local\Programs\Python\Python310\lib\site-packages\starlette\middleware\errors.py", line 164, in __call__
    await self.app(scope, receive, _send)
  File "C:\Users\81026\AppData\Local\Programs\Python\Python310\lib\site-packages\starlette\middleware\base.py", line 191, in __call__
    with recv_stream, send_stream, collapse_excgroups():
  File "C:\Users\81026\AppData\Local\Programs\Python\Python310\lib\contextlib.py", line 153, in __exit__
    self.gen.throw(typ, value, traceback)
  File "C:\Users\81026\AppData\Local\Programs\Python\Python310\lib\site-packages\starlette\_utils.py", line 85, in collapse_excgroups
    raise exc
  File "C:\Users\81026\AppData\Local\Programs\Python\Python310\lib\site-packages\starlette\middleware\base.py", line 193, in __call__
    response = await self.dispatch_func(request, call_next)
  File "D:\code\BugSeek\backend\app\main.py", line 45, in trace_id_middleware
    response = await call_next(request)
  File "C:\Users\81026\AppData\Local\Programs\Python\Python310\lib\site-packages\starlette\middleware\base.py", line 168, in call_next
    raise app_exc from app_exc.__cause__ or app_exc.__context__
  File "C:\Users\81026\AppData\Local\Programs\Python\Python310\lib\site-packages\starlette\middleware\base.py", line 144, in coro
    await self.app(scope, receive_or_disconnect, send_no_error)
  File "C:\Users\81026\AppData\Local\Programs\Python\Python310\lib\site-packages\starlette\middleware\cors.py", line 85, in __call__
    await self.app(scope, receive, send)
  File "C:\Users\81026\AppData\Local\Programs\Python\Python310\lib\site-packages\starlette\middleware\exceptions.py", line 63, in __call__
    await wrap_app_handling_exceptions(self.app, conn)(scope, receive, send)
  File "C:\Users\81026\AppData\Local\Programs\Python\Python310\lib\site-packages\starlette\_exception_handler.py", line 53, in wrapped_app
    raise exc
  File "C:\Users\81026\AppData\Local\Programs\Python\Python310\lib\site-packages\starlette\_exception_handler.py", line 42, in wrapped_app
    await app(scope, receive, sender)
  File "C:\Users\81026\AppData\Local\Programs\Python\Python310\lib\site-packages\fastapi\middleware\asyncexitstack.py", line 18, in __call__
    await self.app(scope, receive, send)
  File "C:\Users\81026\AppData\Local\Programs\Python\Python310\lib\site-packages\starlette\routing.py", line 716, in __call__
    await self.middleware_stack(scope, receive, send)
  File "C:\Users\81026\AppData\Local\Programs\Python\Python310\lib\site-packages\starlette\routing.py", line 736, in app
    await route.handle(scope, receive, send)
  File "C:\Users\81026\AppData\Local\Programs\Python\Python310\lib\site-packages\starlette\routing.py", line 290, in handle
    await self.app(scope, receive, send)
  File "C:\Users\81026\AppData\Local\Programs\Python\Python310\lib\site-packages\fastapi\routing.py", line 115, in app
    await wrap_app_handling_exceptions(app, request)(scope, receive, send)
  File "C:\Users\81026\AppData\Local\Programs\Python\Python310\lib\site-packages\starlette\_exception_handler.py", line 53, in wrapped_app
    raise exc
  File "C:\Users\81026\AppData\Local\Programs\Python\Python310\lib\site-packages\starlette\_exception_handler.py", line 42, in wrapped_app
    await app(scope, receive, sender)
  File "C:\Users\81026\AppData\Local\Programs\Python\Python310\lib\site-packages\fastapi\routing.py", line 101, in app
    response = await f(request)
  File "C:\Users\81026\AppData\Local\Programs\Python\Python310\lib\site-packages\fastapi\routing.py", line 355, in app
    raw_response = await run_endpoint_function(
  File "C:\Users\81026\AppData\Local\Programs\Python\Python310\lib\site-packages\fastapi\routing.py", line 243, in run_endpoint_function
    return await dependant.call(**values)
  File "D:\code\BugSeek\backend\app\api\v1\endpoints.py", line 234, in get_endpoints
    db.func.count(ApiTestScript.id).label('count')
AttributeError: 'Session' object has no attribute 'func'
2026-01-27 18:29:05 | ERROR | [21e9748ca4bc415999e1c378a99f6689] | app.dependencies | 数据库会话异常: 'Session' object has no attribute 'func'
Traceback (most recent call last):
  File "D:\code\BugSeek\backend\app\dependencies.py", line 19, in get_db
    yield db
  File "C:\Users\81026\AppData\Local\Programs\Python\Python310\lib\site-packages\fastapi\concurrency.py", line 29, in contextmanager_in_threadpool
    yield await run_in_threadpool(cm.__enter__)
  File "C:\Users\81026\AppData\Local\Programs\Python\Python310\lib\site-packages\fastapi\routing.py", line 101, in app
    response = await f(request)
  File "C:\Users\81026\AppData\Local\Programs\Python\Python310\lib\site-packages\fastapi\routing.py", line 355, in app
    raw_response = await run_endpoint_function(
  File "C:\Users\81026\AppData\Local\Programs\Python\Python310\lib\site-packages\fastapi\routing.py", line 243, in run_endpoint_function
    return await dependant.call(**values)
  File "D:\code\BugSeek\backend\app\api\v1\endpoints.py", line 234, in get_endpoints
    db.func.count(ApiTestScript.id).label('count')
AttributeError: 'Session' object has no attribute 'func'
2026-01-27 18:29:05 | ERROR | [21e9748ca4bc415999e1c378a99f6689] | app.main | 未捕获的异常: 'Session' object has no attribute 'func' | 路径: /api/v1/api-integration/endpoints | 方法: GET
Traceback (most recent call last):
  File "C:\Users\81026\AppData\Local\Programs\Python\Python310\lib\site-packages\starlette\middleware\errors.py", line 164, in __call__
    await self.app(scope, receive, _send)
  File "C:\Users\81026\AppData\Local\Programs\Python\Python310\lib\site-packages\starlette\middleware\base.py", line 191, in __call__
    with recv_stream, send_stream, collapse_excgroups():
  File "C:\Users\81026\AppData\Local\Programs\Python\Python310\lib\contextlib.py", line 153, in __exit__
    self.gen.throw(typ, value, traceback)
  File "C:\Users\81026\AppData\Local\Programs\Python\Python310\lib\site-packages\starlette\_utils.py", line 85, in collapse_excgroups
    raise exc
  File "C:\Users\81026\AppData\Local\Programs\Python\Python310\lib\site-packages\starlette\middleware\base.py", line 193, in __call__
    response = await self.dispatch_func(request, call_next)
  File "D:\code\BugSeek\backend\app\main.py", line 45, in trace_id_middleware
    response = await call_next(request)
  File "C:\Users\81026\AppData\Local\Programs\Python\Python310\lib\site-packages\starlette\middleware\base.py", line 168, in call_next
    raise app_exc from app_exc.__cause__ or app_exc.__context__
  File "C:\Users\81026\AppData\Local\Programs\Python\Python310\lib\site-packages\starlette\middleware\base.py", line 144, in coro
    await self.app(scope, receive_or_disconnect, send_no_error)
  File "C:\Users\81026\AppData\Local\Programs\Python\Python310\lib\site-packages\starlette\middleware\cors.py", line 85, in __call__
    await self.app(scope, receive, send)
  File "C:\Users\81026\AppData\Local\Programs\Python\Python310\lib\site-packages\starlette\middleware\exceptions.py", line 63, in __call__
    await wrap_app_handling_exceptions(self.app, conn)(scope, receive, send)
  File "C:\Users\81026\AppData\Local\Programs\Python\Python310\lib\site-packages\starlette\_exception_handler.py", line 53, in wrapped_app
    raise exc
  File "C:\Users\81026\AppData\Local\Programs\Python\Python310\lib\site-packages\starlette\_exception_handler.py", line 42, in wrapped_app
    await app(scope, receive, sender)
  File "C:\Users\81026\AppData\Local\Programs\Python\Python310\lib\site-packages\fastapi\middleware\asyncexitstack.py", line 18, in __call__
    await self.app(scope, receive, send)
  File "C:\Users\81026\AppData\Local\Programs\Python\Python310\lib\site-packages\starlette\routing.py", line 716, in __call__
    await self.middleware_stack(scope, receive, send)
  File "C:\Users\81026\AppData\Local\Programs\Python\Python310\lib\site-packages\starlette\routing.py", line 736, in app
    await route.handle(scope, receive, send)
  File "C:\Users\81026\AppData\Local\Programs\Python\Python310\lib\site-packages\starlette\routing.py", line 290, in handle
    await self.app(scope, receive, send)
  File "C:\Users\81026\AppData\Local\Programs\Python\Python310\lib\site-packages\fastapi\routing.py", line 115, in app
    await wrap_app_handling_exceptions(app, request)(scope, receive, send)
  File "C:\Users\81026\AppData\Local\Programs\Python\Python310\lib\site-packages\starlette\_exception_handler.py", line 53, in wrapped_app
    raise exc
  File "C:\Users\81026\AppData\Local\Programs\Python\Python310\lib\site-packages\starlette\_exception_handler.py", line 42, in wrapped_app
    await app(scope, receive, sender)
  File "C:\Users\81026\AppData\Local\Programs\Python\Python310\lib\site-packages\fastapi\routing.py", line 101, in app
    response = await f(request)
  File "C:\Users\81026\AppData\Local\Programs\Python\Python310\lib\site-packages\fastapi\routing.py", line 355, in app
    raw_response = await run_endpoint_function(
  File "C:\Users\81026\AppData\Local\Programs\Python\Python310\lib\site-packages\fastapi\routing.py", line 243, in run_endpoint_function
    return await dependant.call(**values)
  File "D:\code\BugSeek\backend\app\api\v1\endpoints.py", line 234, in get_endpoints
    db.func.count(ApiTestScript.id).label('count')
AttributeError: 'Session' object has no attribute 'func'
