2026-03-17 10:00:14 | WARNING | [87ffc396e0bf47eda78c52838f2ce31d] | app.platform.vector.vector_index | [87ffc396e0bf47eda78c52838f2ce31d] schema_hash 不匹配
2026-03-17 10:00:14 | WARNING | [87ffc396e0bf47eda78c52838f2ce31d] | app.platform.vector.vector_index | [87ffc396e0bf47eda78c52838f2ce31d]   缓存: b49b286ec42229af0a21478cbeae2920
2026-03-17 10:00:14 | WARNING | [87ffc396e0bf47eda78c52838f2ce31d] | app.platform.vector.vector_index | [87ffc396e0bf47eda78c52838f2ce31d]   当前: a98371ee9ec6949de2e216c129c4c14e
2026-03-17 10:00:14 | WARNING | [87ffc396e0bf47eda78c52838f2ce31d] | app.main | 检测到数据库结构变更，触发数据库列向量索引重建...
2026-03-17 17:22:40 | ERROR | [abaa0040db8347f0a4b437538e3bd1b5] | app.main | ❌ 向量索引预热失败，语义检索功能降级: (psycopg2.OperationalError) connection to server at "172.23.113.132", port 5432 failed: Connection timed out (0x0000274C/10060)
	Is the server running on that host and accepting TCP/IP connections?

(Background on this error at: https://sqlalche.me/e/20/e3q8)
2026-03-17 17:24:07 | WARNING | [173bf547392a43d39500aa83a97e1af9] | app.platform.vector.vector_index | [173bf547392a43d39500aa83a97e1af9] schema_hash 不匹配
2026-03-17 17:24:07 | WARNING | [173bf547392a43d39500aa83a97e1af9] | app.platform.vector.vector_index | [173bf547392a43d39500aa83a97e1af9]   缓存: b49b286ec42229af0a21478cbeae2920
2026-03-17 17:24:07 | WARNING | [173bf547392a43d39500aa83a97e1af9] | app.platform.vector.vector_index | [173bf547392a43d39500aa83a97e1af9]   当前: a98371ee9ec6949de2e216c129c4c14e
2026-03-17 17:24:07 | WARNING | [173bf547392a43d39500aa83a97e1af9] | app.main | 检测到数据库结构变更，触发数据库列向量索引重建...
2026-03-17 17:27:53 | WARNING | [194d2b0c24564ebdb74f528fa123d4be] | app.api.v1.deps | JWT解码失败: Signature has expired.
2026-03-17 17:27:53 | WARNING | [52b9e27ffef14c67ba78df59535ff4db] | app.api.v1.deps | JWT解码失败: Signature has expired.
2026-03-17 17:27:53 | ERROR | [194d2b0c24564ebdb74f528fa123d4be] | app.dependencies | 数据库会话异常: 401: 无法验证凭据
Traceback (most recent call last):
  File "D:\code\BugSeek\backend\app\api\v1\deps.py", line 68, in get_current_user
    payload = jwt.decode(token, settings.SECRET_KEY, algorithms=[settings.ALGORITHM])
  File "C:\Users\81026\AppData\Local\Programs\Python\Python310\lib\site-packages\jose\jwt.py", line 174, in decode
    _validate_claims(
  File "C:\Users\81026\AppData\Local\Programs\Python\Python310\lib\site-packages\jose\jwt.py", line 497, in _validate_claims
    _validate_exp(claims, leeway=leeway)
  File "C:\Users\81026\AppData\Local\Programs\Python\Python310\lib\site-packages\jose\jwt.py", line 331, in _validate_exp
    raise ExpiredSignatureError("Signature has expired.")
jose.exceptions.ExpiredSignatureError: Signature has expired.

During handling of the above exception, another exception occurred:

Traceback (most recent call last):
  File "D:\code\BugSeek\backend\app\dependencies.py", line 196, in get_db
    yield db
  File "C:\Users\81026\AppData\Local\Programs\Python\Python310\lib\site-packages\fastapi\concurrency.py", line 29, in contextmanager_in_threadpool
    yield await run_in_threadpool(cm.__enter__)
  File "C:\Users\81026\AppData\Local\Programs\Python\Python310\lib\site-packages\fastapi\routing.py", line 101, in app
    response = await f(request)
  File "C:\Users\81026\AppData\Local\Programs\Python\Python310\lib\site-packages\fastapi\routing.py", line 345, in app
    solved_result = await solve_dependencies(
  File "C:\Users\81026\AppData\Local\Programs\Python\Python310\lib\site-packages\fastapi\dependencies\utils.py", line 643, in solve_dependencies
    solved = await call(**solved_result.values)
  File "D:\code\BugSeek\backend\app\api\v1\deps.py", line 74, in get_current_user
    raise credentials_exception
fastapi.exceptions.HTTPException: 401: 无法验证凭据
2026-03-17 17:27:53 | ERROR | [52b9e27ffef14c67ba78df59535ff4db] | app.dependencies | 数据库会话异常: 401: 无法验证凭据
Traceback (most recent call last):
  File "D:\code\BugSeek\backend\app\api\v1\deps.py", line 68, in get_current_user
    payload = jwt.decode(token, settings.SECRET_KEY, algorithms=[settings.ALGORITHM])
  File "C:\Users\81026\AppData\Local\Programs\Python\Python310\lib\site-packages\jose\jwt.py", line 174, in decode
    _validate_claims(
  File "C:\Users\81026\AppData\Local\Programs\Python\Python310\lib\site-packages\jose\jwt.py", line 497, in _validate_claims
    _validate_exp(claims, leeway=leeway)
  File "C:\Users\81026\AppData\Local\Programs\Python\Python310\lib\site-packages\jose\jwt.py", line 331, in _validate_exp
    raise ExpiredSignatureError("Signature has expired.")
jose.exceptions.ExpiredSignatureError: Signature has expired.

During handling of the above exception, another exception occurred:

Traceback (most recent call last):
  File "D:\code\BugSeek\backend\app\dependencies.py", line 196, in get_db
    yield db
  File "C:\Users\81026\AppData\Local\Programs\Python\Python310\lib\site-packages\fastapi\concurrency.py", line 29, in contextmanager_in_threadpool
    yield await run_in_threadpool(cm.__enter__)
  File "C:\Users\81026\AppData\Local\Programs\Python\Python310\lib\site-packages\fastapi\routing.py", line 101, in app
    response = await f(request)
  File "C:\Users\81026\AppData\Local\Programs\Python\Python310\lib\site-packages\fastapi\routing.py", line 345, in app
    solved_result = await solve_dependencies(
  File "C:\Users\81026\AppData\Local\Programs\Python\Python310\lib\site-packages\fastapi\dependencies\utils.py", line 643, in solve_dependencies
    solved = await call(**solved_result.values)
  File "D:\code\BugSeek\backend\app\api\v1\deps.py", line 74, in get_current_user
    raise credentials_exception
fastapi.exceptions.HTTPException: 401: 无法验证凭据
2026-03-17 17:27:53 | WARNING | [ff884008e3ce4913af8ca3f083c71bb0] | app.api.v1.deps | JWT解码失败: Signature has expired.
2026-03-17 17:27:53 | ERROR | [ff884008e3ce4913af8ca3f083c71bb0] | app.dependencies | 数据库会话异常: 401: 无法验证凭据
Traceback (most recent call last):
  File "D:\code\BugSeek\backend\app\api\v1\deps.py", line 68, in get_current_user
    payload = jwt.decode(token, settings.SECRET_KEY, algorithms=[settings.ALGORITHM])
  File "C:\Users\81026\AppData\Local\Programs\Python\Python310\lib\site-packages\jose\jwt.py", line 174, in decode
    _validate_claims(
  File "C:\Users\81026\AppData\Local\Programs\Python\Python310\lib\site-packages\jose\jwt.py", line 497, in _validate_claims
    _validate_exp(claims, leeway=leeway)
  File "C:\Users\81026\AppData\Local\Programs\Python\Python310\lib\site-packages\jose\jwt.py", line 331, in _validate_exp
    raise ExpiredSignatureError("Signature has expired.")
jose.exceptions.ExpiredSignatureError: Signature has expired.

During handling of the above exception, another exception occurred:

Traceback (most recent call last):
  File "D:\code\BugSeek\backend\app\dependencies.py", line 196, in get_db
    yield db
  File "C:\Users\81026\AppData\Local\Programs\Python\Python310\lib\site-packages\fastapi\concurrency.py", line 29, in contextmanager_in_threadpool
    yield await run_in_threadpool(cm.__enter__)
  File "C:\Users\81026\AppData\Local\Programs\Python\Python310\lib\site-packages\fastapi\routing.py", line 101, in app
    response = await f(request)
  File "C:\Users\81026\AppData\Local\Programs\Python\Python310\lib\site-packages\fastapi\routing.py", line 345, in app
    solved_result = await solve_dependencies(
  File "C:\Users\81026\AppData\Local\Programs\Python\Python310\lib\site-packages\fastapi\dependencies\utils.py", line 643, in solve_dependencies
    solved = await call(**solved_result.values)
  File "D:\code\BugSeek\backend\app\api\v1\deps.py", line 74, in get_current_user
    raise credentials_exception
fastapi.exceptions.HTTPException: 401: 无法验证凭据
2026-03-17 17:27:53 | WARNING | [6c3660358f0a4cc0a8a8173c2d714862] | app.api.v1.deps | JWT解码失败: Signature has expired.
2026-03-17 17:27:53 | ERROR | [6c3660358f0a4cc0a8a8173c2d714862] | app.dependencies | 数据库会话异常: 401: 无法验证凭据
Traceback (most recent call last):
  File "D:\code\BugSeek\backend\app\api\v1\deps.py", line 68, in get_current_user
    payload = jwt.decode(token, settings.SECRET_KEY, algorithms=[settings.ALGORITHM])
  File "C:\Users\81026\AppData\Local\Programs\Python\Python310\lib\site-packages\jose\jwt.py", line 174, in decode
    _validate_claims(
  File "C:\Users\81026\AppData\Local\Programs\Python\Python310\lib\site-packages\jose\jwt.py", line 497, in _validate_claims
    _validate_exp(claims, leeway=leeway)
  File "C:\Users\81026\AppData\Local\Programs\Python\Python310\lib\site-packages\jose\jwt.py", line 331, in _validate_exp
    raise ExpiredSignatureError("Signature has expired.")
jose.exceptions.ExpiredSignatureError: Signature has expired.

During handling of the above exception, another exception occurred:

Traceback (most recent call last):
  File "D:\code\BugSeek\backend\app\dependencies.py", line 196, in get_db
    yield db
  File "C:\Users\81026\AppData\Local\Programs\Python\Python310\lib\site-packages\fastapi\concurrency.py", line 29, in contextmanager_in_threadpool
    yield await run_in_threadpool(cm.__enter__)
  File "C:\Users\81026\AppData\Local\Programs\Python\Python310\lib\site-packages\fastapi\routing.py", line 101, in app
    response = await f(request)
  File "C:\Users\81026\AppData\Local\Programs\Python\Python310\lib\site-packages\fastapi\routing.py", line 345, in app
    solved_result = await solve_dependencies(
  File "C:\Users\81026\AppData\Local\Programs\Python\Python310\lib\site-packages\fastapi\dependencies\utils.py", line 643, in solve_dependencies
    solved = await call(**solved_result.values)
  File "D:\code\BugSeek\backend\app\api\v1\deps.py", line 74, in get_current_user
    raise credentials_exception
fastapi.exceptions.HTTPException: 401: 无法验证凭据
2026-03-17 17:27:53 | WARNING | [bb09e05e8c9844488c232ca44e32b9f5] | app.api.v1.deps | JWT解码失败: Signature has expired.
2026-03-17 17:27:53 | ERROR | [bb09e05e8c9844488c232ca44e32b9f5] | app.dependencies | 数据库会话异常: 401: 无法验证凭据
Traceback (most recent call last):
  File "D:\code\BugSeek\backend\app\api\v1\deps.py", line 68, in get_current_user
    payload = jwt.decode(token, settings.SECRET_KEY, algorithms=[settings.ALGORITHM])
  File "C:\Users\81026\AppData\Local\Programs\Python\Python310\lib\site-packages\jose\jwt.py", line 174, in decode
    _validate_claims(
  File "C:\Users\81026\AppData\Local\Programs\Python\Python310\lib\site-packages\jose\jwt.py", line 497, in _validate_claims
    _validate_exp(claims, leeway=leeway)
  File "C:\Users\81026\AppData\Local\Programs\Python\Python310\lib\site-packages\jose\jwt.py", line 331, in _validate_exp
    raise ExpiredSignatureError("Signature has expired.")
jose.exceptions.ExpiredSignatureError: Signature has expired.

During handling of the above exception, another exception occurred:

Traceback (most recent call last):
  File "D:\code\BugSeek\backend\app\dependencies.py", line 196, in get_db
    yield db
  File "C:\Users\81026\AppData\Local\Programs\Python\Python310\lib\site-packages\fastapi\concurrency.py", line 29, in contextmanager_in_threadpool
    yield await run_in_threadpool(cm.__enter__)
  File "C:\Users\81026\AppData\Local\Programs\Python\Python310\lib\site-packages\fastapi\routing.py", line 101, in app
    response = await f(request)
  File "C:\Users\81026\AppData\Local\Programs\Python\Python310\lib\site-packages\fastapi\routing.py", line 345, in app
    solved_result = await solve_dependencies(
  File "C:\Users\81026\AppData\Local\Programs\Python\Python310\lib\site-packages\fastapi\dependencies\utils.py", line 643, in solve_dependencies
    solved = await call(**solved_result.values)
  File "D:\code\BugSeek\backend\app\api\v1\deps.py", line 74, in get_current_user
    raise credentials_exception
fastapi.exceptions.HTTPException: 401: 无法验证凭据
2026-03-17 17:27:53 | WARNING | [826c4b1d0f654bfd9513b6d20b0eeefc] | app.api.v1.deps | JWT解码失败: Signature has expired.
2026-03-17 17:27:53 | ERROR | [826c4b1d0f654bfd9513b6d20b0eeefc] | app.dependencies | 数据库会话异常: 401: 无法验证凭据
Traceback (most recent call last):
  File "D:\code\BugSeek\backend\app\api\v1\deps.py", line 68, in get_current_user
    payload = jwt.decode(token, settings.SECRET_KEY, algorithms=[settings.ALGORITHM])
  File "C:\Users\81026\AppData\Local\Programs\Python\Python310\lib\site-packages\jose\jwt.py", line 174, in decode
    _validate_claims(
  File "C:\Users\81026\AppData\Local\Programs\Python\Python310\lib\site-packages\jose\jwt.py", line 497, in _validate_claims
    _validate_exp(claims, leeway=leeway)
  File "C:\Users\81026\AppData\Local\Programs\Python\Python310\lib\site-packages\jose\jwt.py", line 331, in _validate_exp
    raise ExpiredSignatureError("Signature has expired.")
jose.exceptions.ExpiredSignatureError: Signature has expired.

During handling of the above exception, another exception occurred:

Traceback (most recent call last):
  File "D:\code\BugSeek\backend\app\dependencies.py", line 196, in get_db
    yield db
  File "C:\Users\81026\AppData\Local\Programs\Python\Python310\lib\site-packages\fastapi\concurrency.py", line 29, in contextmanager_in_threadpool
    yield await run_in_threadpool(cm.__enter__)
  File "C:\Users\81026\AppData\Local\Programs\Python\Python310\lib\site-packages\fastapi\routing.py", line 101, in app
    response = await f(request)
  File "C:\Users\81026\AppData\Local\Programs\Python\Python310\lib\site-packages\fastapi\routing.py", line 345, in app
    solved_result = await solve_dependencies(
  File "C:\Users\81026\AppData\Local\Programs\Python\Python310\lib\site-packages\fastapi\dependencies\utils.py", line 643, in solve_dependencies
    solved = await call(**solved_result.values)
  File "D:\code\BugSeek\backend\app\api\v1\deps.py", line 74, in get_current_user
    raise credentials_exception
fastapi.exceptions.HTTPException: 401: 无法验证凭据
2026-03-17 17:34:57 | WARNING | [01c2105e5e9141b2b273eb2c4f8725bc] | app.platform.vector.vector_index | [01c2105e5e9141b2b273eb2c4f8725bc] schema_hash 不匹配
2026-03-17 17:34:57 | WARNING | [01c2105e5e9141b2b273eb2c4f8725bc] | app.platform.vector.vector_index | [01c2105e5e9141b2b273eb2c4f8725bc]   缓存: b49b286ec42229af0a21478cbeae2920
2026-03-17 17:34:57 | WARNING | [01c2105e5e9141b2b273eb2c4f8725bc] | app.platform.vector.vector_index | [01c2105e5e9141b2b273eb2c4f8725bc]   当前: a98371ee9ec6949de2e216c129c4c14e
2026-03-17 17:34:57 | WARNING | [01c2105e5e9141b2b273eb2c4f8725bc] | app.main | 检测到数据库结构变更，触发数据库列向量索引重建...
2026-03-17 17:36:51 | WARNING | [4767a5ec57bb493f9865730edcb7a597] | app.platform.vector.vector_index | [4767a5ec57bb493f9865730edcb7a597] schema_hash 不匹配
2026-03-17 17:36:51 | WARNING | [4767a5ec57bb493f9865730edcb7a597] | app.platform.vector.vector_index | [4767a5ec57bb493f9865730edcb7a597]   缓存: b49b286ec42229af0a21478cbeae2920
2026-03-17 17:36:51 | WARNING | [4767a5ec57bb493f9865730edcb7a597] | app.platform.vector.vector_index | [4767a5ec57bb493f9865730edcb7a597]   当前: a98371ee9ec6949de2e216c129c4c14e
2026-03-17 17:36:51 | WARNING | [4767a5ec57bb493f9865730edcb7a597] | app.main | 检测到数据库结构变更，触发数据库列向量索引重建...
2026-03-17 17:37:18 | WARNING | [ff4846fa75554185aa9ba0c67c09cec3] | app.platform.vector.vector_index | [ff4846fa75554185aa9ba0c67c09cec3] schema_hash 不匹配
2026-03-17 17:37:18 | WARNING | [ff4846fa75554185aa9ba0c67c09cec3] | app.platform.vector.vector_index | [ff4846fa75554185aa9ba0c67c09cec3]   缓存: b49b286ec42229af0a21478cbeae2920
2026-03-17 17:37:18 | WARNING | [ff4846fa75554185aa9ba0c67c09cec3] | app.platform.vector.vector_index | [ff4846fa75554185aa9ba0c67c09cec3]   当前: a98371ee9ec6949de2e216c129c4c14e
2026-03-17 17:37:18 | WARNING | [ff4846fa75554185aa9ba0c67c09cec3] | app.main | 检测到数据库结构变更，触发数据库列向量索引重建...
2026-03-17 18:22:43 | WARNING | [5e5a557b4f3b4fc2831a261254aad5f8] | app.platform.vector.vector_index | [5e5a557b4f3b4fc2831a261254aad5f8] schema_hash 不匹配
2026-03-17 18:22:43 | WARNING | [5e5a557b4f3b4fc2831a261254aad5f8] | app.platform.vector.vector_index | [5e5a557b4f3b4fc2831a261254aad5f8]   缓存: b49b286ec42229af0a21478cbeae2920
2026-03-17 18:22:43 | WARNING | [5e5a557b4f3b4fc2831a261254aad5f8] | app.platform.vector.vector_index | [5e5a557b4f3b4fc2831a261254aad5f8]   当前: a98371ee9ec6949de2e216c129c4c14e
2026-03-17 18:22:43 | WARNING | [5e5a557b4f3b4fc2831a261254aad5f8] | app.main | 检测到数据库结构变更，触发数据库列向量索引重建...
2026-03-17 18:23:33 | WARNING | [ee9702f474354a2d8a62c77d4e5eb35e] | app.platform.vector.vector_index | [ee9702f474354a2d8a62c77d4e5eb35e] schema_hash 不匹配
2026-03-17 18:23:33 | WARNING | [ee9702f474354a2d8a62c77d4e5eb35e] | app.platform.vector.vector_index | [ee9702f474354a2d8a62c77d4e5eb35e]   缓存: b49b286ec42229af0a21478cbeae2920
2026-03-17 18:23:33 | WARNING | [ee9702f474354a2d8a62c77d4e5eb35e] | app.platform.vector.vector_index | [ee9702f474354a2d8a62c77d4e5eb35e]   当前: a98371ee9ec6949de2e216c129c4c14e
2026-03-17 18:23:33 | WARNING | [ee9702f474354a2d8a62c77d4e5eb35e] | app.main | 检测到数据库结构变更，触发数据库列向量索引重建...
2026-03-17 18:24:19 | WARNING | [8a862dd8100f44c9a15e735d4926fa30] | app.platform.vector.vector_index | [8a862dd8100f44c9a15e735d4926fa30] schema_hash 不匹配
2026-03-17 18:24:19 | WARNING | [8a862dd8100f44c9a15e735d4926fa30] | app.platform.vector.vector_index | [8a862dd8100f44c9a15e735d4926fa30]   缓存: b49b286ec42229af0a21478cbeae2920
2026-03-17 18:24:19 | WARNING | [8a862dd8100f44c9a15e735d4926fa30] | app.platform.vector.vector_index | [8a862dd8100f44c9a15e735d4926fa30]   当前: a98371ee9ec6949de2e216c129c4c14e
2026-03-17 18:24:19 | WARNING | [8a862dd8100f44c9a15e735d4926fa30] | app.main | 检测到数据库结构变更，触发数据库列向量索引重建...
2026-03-17 18:24:46 | WARNING | [678553022e344514907dd1a257bdc107] | app.platform.vector.vector_index | [678553022e344514907dd1a257bdc107] schema_hash 不匹配
2026-03-17 18:24:46 | WARNING | [678553022e344514907dd1a257bdc107] | app.platform.vector.vector_index | [678553022e344514907dd1a257bdc107]   缓存: b49b286ec42229af0a21478cbeae2920
2026-03-17 18:24:46 | WARNING | [678553022e344514907dd1a257bdc107] | app.platform.vector.vector_index | [678553022e344514907dd1a257bdc107]   当前: a98371ee9ec6949de2e216c129c4c14e
2026-03-17 18:24:46 | WARNING | [678553022e344514907dd1a257bdc107] | app.main | 检测到数据库结构变更，触发数据库列向量索引重建...
2026-03-17 18:25:41 | WARNING | [9c96317aeeaf4facb0c76a9aad057c43] | app.platform.vector.vector_index | [9c96317aeeaf4facb0c76a9aad057c43] schema_hash 不匹配
2026-03-17 18:25:41 | WARNING | [9c96317aeeaf4facb0c76a9aad057c43] | app.platform.vector.vector_index | [9c96317aeeaf4facb0c76a9aad057c43]   缓存: b49b286ec42229af0a21478cbeae2920
2026-03-17 18:25:41 | WARNING | [9c96317aeeaf4facb0c76a9aad057c43] | app.platform.vector.vector_index | [9c96317aeeaf4facb0c76a9aad057c43]   当前: a98371ee9ec6949de2e216c129c4c14e
2026-03-17 18:25:41 | WARNING | [9c96317aeeaf4facb0c76a9aad057c43] | app.main | 检测到数据库结构变更，触发数据库列向量索引重建...
2026-03-17 18:26:17 | WARNING | [10837d84c3fb4446be53d13034b53534] | app.platform.vector.vector_index | [10837d84c3fb4446be53d13034b53534] schema_hash 不匹配
2026-03-17 18:26:17 | WARNING | [10837d84c3fb4446be53d13034b53534] | app.platform.vector.vector_index | [10837d84c3fb4446be53d13034b53534]   缓存: b49b286ec42229af0a21478cbeae2920
2026-03-17 18:26:17 | WARNING | [10837d84c3fb4446be53d13034b53534] | app.platform.vector.vector_index | [10837d84c3fb4446be53d13034b53534]   当前: a98371ee9ec6949de2e216c129c4c14e
2026-03-17 18:26:17 | WARNING | [10837d84c3fb4446be53d13034b53534] | app.main | 检测到数据库结构变更，触发数据库列向量索引重建...
2026-03-17 18:26:48 | WARNING | [5097f4305de64815b2c901554b2c676b] | app.platform.vector.vector_index | [5097f4305de64815b2c901554b2c676b] schema_hash 不匹配
2026-03-17 18:26:48 | WARNING | [5097f4305de64815b2c901554b2c676b] | app.platform.vector.vector_index | [5097f4305de64815b2c901554b2c676b]   缓存: b49b286ec42229af0a21478cbeae2920
2026-03-17 18:26:48 | WARNING | [5097f4305de64815b2c901554b2c676b] | app.platform.vector.vector_index | [5097f4305de64815b2c901554b2c676b]   当前: a98371ee9ec6949de2e216c129c4c14e
2026-03-17 18:26:48 | WARNING | [5097f4305de64815b2c901554b2c676b] | app.main | 检测到数据库结构变更，触发数据库列向量索引重建...
2026-03-17 18:28:46 | WARNING | [c45ff8f9c71c49c4969c425c440fbb6b] | app.platform.vector.vector_index | [c45ff8f9c71c49c4969c425c440fbb6b] schema_hash 不匹配
2026-03-17 18:28:46 | WARNING | [c45ff8f9c71c49c4969c425c440fbb6b] | app.platform.vector.vector_index | [c45ff8f9c71c49c4969c425c440fbb6b]   缓存: b49b286ec42229af0a21478cbeae2920
2026-03-17 18:28:46 | WARNING | [c45ff8f9c71c49c4969c425c440fbb6b] | app.platform.vector.vector_index | [c45ff8f9c71c49c4969c425c440fbb6b]   当前: a98371ee9ec6949de2e216c129c4c14e
2026-03-17 18:28:46 | WARNING | [c45ff8f9c71c49c4969c425c440fbb6b] | app.main | 检测到数据库结构变更，触发数据库列向量索引重建...
2026-03-17 18:44:33 | WARNING | [c7a811519cb3473e94e9da7f51cda3e7] | app.platform.vector.vector_index | [c7a811519cb3473e94e9da7f51cda3e7] schema_hash 不匹配
2026-03-17 18:44:33 | WARNING | [c7a811519cb3473e94e9da7f51cda3e7] | app.platform.vector.vector_index | [c7a811519cb3473e94e9da7f51cda3e7]   缓存: b49b286ec42229af0a21478cbeae2920
2026-03-17 18:44:33 | WARNING | [c7a811519cb3473e94e9da7f51cda3e7] | app.platform.vector.vector_index | [c7a811519cb3473e94e9da7f51cda3e7]   当前: a98371ee9ec6949de2e216c129c4c14e
2026-03-17 18:44:33 | WARNING | [c7a811519cb3473e94e9da7f51cda3e7] | app.main | 检测到数据库结构变更，触发数据库列向量索引重建...
2026-03-17 18:45:06 | WARNING | [3328b712e7164d4483e1b37031df18cf] | app.platform.vector.vector_index | [3328b712e7164d4483e1b37031df18cf] schema_hash 不匹配
2026-03-17 18:45:06 | WARNING | [3328b712e7164d4483e1b37031df18cf] | app.platform.vector.vector_index | [3328b712e7164d4483e1b37031df18cf]   缓存: b49b286ec42229af0a21478cbeae2920
2026-03-17 18:45:06 | WARNING | [3328b712e7164d4483e1b37031df18cf] | app.platform.vector.vector_index | [3328b712e7164d4483e1b37031df18cf]   当前: a98371ee9ec6949de2e216c129c4c14e
2026-03-17 18:45:06 | WARNING | [3328b712e7164d4483e1b37031df18cf] | app.main | 检测到数据库结构变更，触发数据库列向量索引重建...
